// Jest Snapshot v1, https://goo.gl/fbAQLP

exports[`Test HexColorDisplay sanpshot Matches the snapshot 1`] = `
<div>
  <ul>
    <div
      className="row"
    >
      <div
        style={
          {
            "display": "inline-block",
            "width": "4em",
          }
        }
      >
        Address:
      </div>
      <div
        className="hex_row"
      >
        <li
          className="header_item_disabled"
        >
          0
        </li>
        <li
          className="header_item_disabled"
        >
          1
        </li>
        <li
          className="header_item_disabled"
        >
          2
        </li>
        <li
          className="header_item_disabled"
        >
          3
        </li>
        <li
          className="header_item_disabled"
        >
          4
        </li>
        <li
          className="header_item_disabled"
        >
          5
        </li>
        <li
          className="header_item_disabled"
        >
          6
        </li>
        <li
          className="header_item_disabled"
        >
          7
        </li>
        <li
          className="header_item_disabled"
        >
          8
        </li>
        <li
          className="header_item_disabled"
        >
          9
        </li>
        <li
          className="header_item_disabled"
        >
          a
        </li>
        <li
          className="header_item_disabled"
        >
          b
        </li>
        <li
          className="header_item_disabled"
        >
          c
        </li>
        <li
          className="header_item_disabled"
        >
          d
        </li>
        <li
          className="header_item_disabled"
        >
          e
        </li>
        <li
          className="header_item_disabled"
        >
          f
        </li>
      </div>
      <div
        className="heading"
      >
        Dump
      </div>
    </div>
  </ul>
  <ul>
    <div
      className="row"
    >
      <div
        className="heading"
      >
         
        000000:
         
      </div>
      <div
        className="hex_row"
      >
        <li
          onMouseOver={[Function]}
          style={
            {
              "backgroundColor": "",
              "color": "",
              "display": "inline-block",
              "margin": 0,
              "padding": 0,
              "textAlign": "center",
              "width": "1.5em",
            }
          }
        >
          36
        </li>
        <li
          onMouseOver={[Function]}
          style={
            {
              "backgroundColor": "",
              "color": "",
              "display": "inline-block",
              "margin": 0,
              "padding": 0,
              "textAlign": "center",
              "width": "1.5em",
            }
          }
        >
          16
        </li>
        <li
          onMouseOver={[Function]}
          style={
            {
              "backgroundColor": "",
              "color": "",
              "display": "inline-block",
              "margin": 0,
              "padding": 0,
              "textAlign": "center",
              "width": "1.5em",
            }
          }
        >
          3
        </li>
        <li
          onMouseOver={[Function]}
          style={
            {
              "backgroundColor": "",
              "color": "",
              "display": "inline-block",
              "margin": 0,
              "padding": 0,
              "textAlign": "center",
              "width": "1.5em",
            }
          }
        >
          6
        </li>
        <li
          onMouseOver={[Function]}
          style={
            {
              "backgroundColor": "",
              "color": "",
              "display": "inline-block",
              "margin": 0,
              "padding": 0,
              "textAlign": "center",
              "width": "1.5em",
            }
          }
        >
          17
        </li>
        <li
          onMouseOver={[Function]}
          style={
            {
              "backgroundColor": "",
              "color": "",
              "display": "inline-block",
              "margin": 0,
              "padding": 0,
              "textAlign": "center",
              "width": "1.5em",
            }
          }
        >
          6
        </li>
        <li
          onMouseOver={[Function]}
          style={
            {
              "backgroundColor": "",
              "color": "",
              "display": "inline-block",
              "margin": 0,
              "padding": 0,
              "textAlign": "center",
              "width": "1.5em",
            }
          }
        >
          1
        </li>
        <li
          onMouseOver={[Function]}
          style={
            {
              "backgroundColor": "",
              "color": "",
              "display": "inline-block",
              "margin": 0,
              "padding": 0,
              "textAlign": "center",
              "width": "1.5em",
            }
          }
        >
          2
        </li>
        <li
          onMouseOver={[Function]}
          style={
            {
              "backgroundColor": "",
              "color": "",
              "display": "inline-block",
              "margin": 0,
              "padding": 0,
              "textAlign": "center",
              "width": "1.5em",
            }
          }
        >
          3
        </li>
        <li
          onMouseOver={[Function]}
          style={
            {
              "backgroundColor": "",
              "color": "",
              "display": "inline-block",
              "margin": 0,
              "padding": 0,
              "textAlign": "center",
              "width": "1.5em",
            }
          }
        >
          4
        </li>
        <li
          onMouseOver={[Function]}
          style={
            {
              "backgroundColor": "",
              "color": "",
              "display": "inline-block",
              "margin": 0,
              "padding": 0,
              "textAlign": "center",
              "width": "1.5em",
            }
          }
        >
          5
        </li>
        <li
          onMouseOver={[Function]}
          style={
            {
              "backgroundColor": "",
              "color": "",
              "display": "inline-block",
              "margin": 0,
              "padding": 0,
              "textAlign": "center",
              "width": "1.5em",
            }
          }
        >
          6
        </li>
        <li
          onMouseOver={[Function]}
          style={
            {
              "backgroundColor": "",
              "color": "",
              "display": "inline-block",
              "margin": 0,
              "padding": 0,
              "textAlign": "center",
              "width": "1.5em",
            }
          }
        >
          7
        </li>
        <li
          onMouseOver={[Function]}
          style={
            {
              "backgroundColor": "",
              "color": "",
              "display": "inline-block",
              "margin": 0,
              "padding": 0,
              "textAlign": "center",
              "width": "1.5em",
            }
          }
        >
          8
        </li>
        <li
          onMouseOver={[Function]}
          style={
            {
              "backgroundColor": "",
              "color": "",
              "display": "inline-block",
              "margin": 0,
              "padding": 0,
              "textAlign": "center",
              "width": "1.5em",
            }
          }
        >
          9
        </li>
        <li
          onMouseOver={[Function]}
          style={
            {
              "backgroundColor": "",
              "color": "",
              "display": "inline-block",
              "margin": 0,
              "padding": 0,
              "textAlign": "center",
              "width": "1.5em",
            }
          }
        >
          a
        </li>
      </div>
      <div
        className="hex_row"
      >
        <li
          onMouseOver={[Function]}
          style={
            {
              "backgroundColor": "",
              "color": "",
              "display": "inline-block",
              "margin": 0,
              "padding": 0,
              "textAlign": "center",
              "width": "1.5em",
            }
          }
        >
          6
        </li>
        <li
          onMouseOver={[Function]}
          style={
            {
              "backgroundColor": "",
              "color": "",
              "display": "inline-block",
              "margin": 0,
              "padding": 0,
              "textAlign": "center",
              "width": "1.5em",
            }
          }
        >
          .
        </li>
        <li
          onMouseOver={[Function]}
          style={
            {
              "backgroundColor": "",
              "color": "",
              "display": "inline-block",
              "margin": 0,
              "padding": 0,
              "textAlign": "center",
              "width": "1.5em",
            }
          }
        >
          .
        </li>
        <li
          onMouseOver={[Function]}
          style={
            {
              "backgroundColor": "",
              "color": "",
              "display": "inline-block",
              "margin": 0,
              "padding": 0,
              "textAlign": "center",
              "width": "1.5em",
            }
          }
        >
          .
        </li>
        <li
          onMouseOver={[Function]}
          style={
            {
              "backgroundColor": "",
              "color": "",
              "display": "inline-block",
              "margin": 0,
              "padding": 0,
              "textAlign": "center",
              "width": "1.5em",
            }
          }
        >
          .
        </li>
        <li
          onMouseOver={[Function]}
          style={
            {
              "backgroundColor": "",
              "color": "",
              "display": "inline-block",
              "margin": 0,
              "padding": 0,
              "textAlign": "center",
              "width": "1.5em",
            }
          }
        >
          .
        </li>
        <li
          onMouseOver={[Function]}
          style={
            {
              "backgroundColor": "",
              "color": "",
              "display": "inline-block",
              "margin": 0,
              "padding": 0,
              "textAlign": "center",
              "width": "1.5em",
            }
          }
        >
          .
        </li>
        <li
          onMouseOver={[Function]}
          style={
            {
              "backgroundColor": "",
              "color": "",
              "display": "inline-block",
              "margin": 0,
              "padding": 0,
              "textAlign": "center",
              "width": "1.5em",
            }
          }
        >
          .
        </li>
        <li
          onMouseOver={[Function]}
          style={
            {
              "backgroundColor": "",
              "color": "",
              "display": "inline-block",
              "margin": 0,
              "padding": 0,
              "textAlign": "center",
              "width": "1.5em",
            }
          }
        >
          .
        </li>
        <li
          onMouseOver={[Function]}
          style={
            {
              "backgroundColor": "",
              "color": "",
              "display": "inline-block",
              "margin": 0,
              "padding": 0,
              "textAlign": "center",
              "width": "1.5em",
            }
          }
        >
          .
        </li>
        <li
          onMouseOver={[Function]}
          style={
            {
              "backgroundColor": "",
              "color": "",
              "display": "inline-block",
              "margin": 0,
              "padding": 0,
              "textAlign": "center",
              "width": "1.5em",
            }
          }
        >
          .
        </li>
        <li
          onMouseOver={[Function]}
          style={
            {
              "backgroundColor": "",
              "color": "",
              "display": "inline-block",
              "margin": 0,
              "padding": 0,
              "textAlign": "center",
              "width": "1.5em",
            }
          }
        >
          .
        </li>
        <li
          onMouseOver={[Function]}
          style={
            {
              "backgroundColor": "",
              "color": "",
              "display": "inline-block",
              "margin": 0,
              "padding": 0,
              "textAlign": "center",
              "width": "1.5em",
            }
          }
        >
          .
        </li>
        <li
          onMouseOver={[Function]}
          style={
            {
              "backgroundColor": "",
              "color": "",
              "display": "inline-block",
              "margin": 0,
              "padding": 0,
              "textAlign": "center",
              "width": "1.5em",
            }
          }
        >
          .
        </li>
        <li
          onMouseOver={[Function]}
          style={
            {
              "backgroundColor": "",
              "color": "",
              "display": "inline-block",
              "margin": 0,
              "padding": 0,
              "textAlign": "center",
              "width": "1.5em",
            }
          }
        >
          .
        </li>
        <li
          onMouseOver={[Function]}
          style={
            {
              "backgroundColor": "",
              "color": "",
              "display": "inline-block",
              "margin": 0,
              "padding": 0,
              "textAlign": "center",
              "width": "1.5em",
            }
          }
        >
          .
        </li>
      </div>
    </div>
    <div
      className="row"
    >
      <div
        className="heading"
      >
         
        000010:
         
      </div>
      <div
        className="hex_row"
      >
        <li
          onMouseOver={[Function]}
          style={
            {
              "backgroundColor": "",
              "color": "",
              "display": "inline-block",
              "margin": 0,
              "padding": 0,
              "textAlign": "center",
              "width": "1.5em",
            }
          }
        >
          b
        </li>
        <li
          onMouseOver={[Function]}
          style={
            {
              "backgroundColor": "",
              "color": "",
              "display": "inline-block",
              "margin": 0,
              "padding": 0,
              "textAlign": "center",
              "width": "1.5em",
            }
          }
        >
          c
        </li>
        <li
          onMouseOver={[Function]}
          style={
            {
              "backgroundColor": "",
              "color": "",
              "display": "inline-block",
              "margin": 0,
              "padding": 0,
              "textAlign": "center",
              "width": "1.5em",
            }
          }
        >
          d
        </li>
        <li
          onMouseOver={[Function]}
          style={
            {
              "backgroundColor": "",
              "color": "",
              "display": "inline-block",
              "margin": 0,
              "padding": 0,
              "textAlign": "center",
              "width": "1.5em",
            }
          }
        >
          .
        </li>
        <li
          onMouseOver={[Function]}
          style={
            {
              "backgroundColor": "",
              "color": "",
              "display": "inline-block",
              "margin": 0,
              "padding": 0,
              "textAlign": "center",
              "width": "1.5em",
            }
          }
        >
          .
        </li>
        <li
          onMouseOver={[Function]}
          style={
            {
              "backgroundColor": "",
              "color": "",
              "display": "inline-block",
              "margin": 0,
              "padding": 0,
              "textAlign": "center",
              "width": "1.5em",
            }
          }
        >
          .
        </li>
        <li
          onMouseOver={[Function]}
          style={
            {
              "backgroundColor": "",
              "color": "",
              "display": "inline-block",
              "margin": 0,
              "padding": 0,
              "textAlign": "center",
              "width": "1.5em",
            }
          }
        >
          .
        </li>
        <li
          onMouseOver={[Function]}
          style={
            {
              "backgroundColor": "",
              "color": "",
              "display": "inline-block",
              "margin": 0,
              "padding": 0,
              "textAlign": "center",
              "width": "1.5em",
            }
          }
        >
          .
        </li>
        <li
          onMouseOver={[Function]}
          style={
            {
              "backgroundColor": "",
              "color": "",
              "display": "inline-block",
              "margin": 0,
              "padding": 0,
              "textAlign": "center",
              "width": "1.5em",
            }
          }
        >
          .
        </li>
        <li
          onMouseOver={[Function]}
          style={
            {
              "backgroundColor": "",
              "color": "",
              "display": "inline-block",
              "margin": 0,
              "padding": 0,
              "textAlign": "center",
              "width": "1.5em",
            }
          }
        >
          .
        </li>
        <li
          onMouseOver={[Function]}
          style={
            {
              "backgroundColor": "",
              "color": "",
              "display": "inline-block",
              "margin": 0,
              "padding": 0,
              "textAlign": "center",
              "width": "1.5em",
            }
          }
        >
          .
        </li>
        <li
          onMouseOver={[Function]}
          style={
            {
              "backgroundColor": "",
              "color": "",
              "display": "inline-block",
              "margin": 0,
              "padding": 0,
              "textAlign": "center",
              "width": "1.5em",
            }
          }
        >
          .
        </li>
        <li
          onMouseOver={[Function]}
          style={
            {
              "backgroundColor": "",
              "color": "",
              "display": "inline-block",
              "margin": 0,
              "padding": 0,
              "textAlign": "center",
              "width": "1.5em",
            }
          }
        >
          .
        </li>
        <li
          onMouseOver={[Function]}
          style={
            {
              "backgroundColor": "",
              "color": "",
              "display": "inline-block",
              "margin": 0,
              "padding": 0,
              "textAlign": "center",
              "width": "1.5em",
            }
          }
        >
          .
        </li>
        <li
          onMouseOver={[Function]}
          style={
            {
              "backgroundColor": "",
              "color": "",
              "display": "inline-block",
              "margin": 0,
              "padding": 0,
              "textAlign": "center",
              "width": "1.5em",
            }
          }
        >
          .
        </li>
        <li
          onMouseOver={[Function]}
          style={
            {
              "backgroundColor": "",
              "color": "",
              "display": "inline-block",
              "margin": 0,
              "padding": 0,
              "textAlign": "center",
              "width": "1.5em",
            }
          }
        >
          .
        </li>
      </div>
      <div
        className="hex_row"
      >
        <li
          onMouseOver={[Function]}
          style={
            {
              "backgroundColor": "",
              "color": "",
              "display": "inline-block",
              "margin": 0,
              "padding": 0,
              "textAlign": "center",
              "width": "1.5em",
            }
          }
        >
          .
        </li>
        <li
          onMouseOver={[Function]}
          style={
            {
              "backgroundColor": "",
              "color": "",
              "display": "inline-block",
              "margin": 0,
              "padding": 0,
              "textAlign": "center",
              "width": "1.5em",
            }
          }
        >
          .
        </li>
        <li
          onMouseOver={[Function]}
          style={
            {
              "backgroundColor": "",
              "color": "",
              "display": "inline-block",
              "margin": 0,
              "padding": 0,
              "textAlign": "center",
              "width": "1.5em",
            }
          }
        >
          .
        </li>
        <li
          onMouseOver={[Function]}
          style={
            {
              "backgroundColor": "",
              "color": "",
              "display": "inline-block",
              "margin": 0,
              "padding": 0,
              "textAlign": "center",
              "width": "1.5em",
            }
          }
        >
          .
        </li>
        <li
          onMouseOver={[Function]}
          style={
            {
              "backgroundColor": "",
              "color": "",
              "display": "inline-block",
              "margin": 0,
              "padding": 0,
              "textAlign": "center",
              "width": "1.5em",
            }
          }
        >
          .
        </li>
        <li
          onMouseOver={[Function]}
          style={
            {
              "backgroundColor": "",
              "color": "",
              "display": "inline-block",
              "margin": 0,
              "padding": 0,
              "textAlign": "center",
              "width": "1.5em",
            }
          }
        >
          .
        </li>
        <li
          onMouseOver={[Function]}
          style={
            {
              "backgroundColor": "",
              "color": "",
              "display": "inline-block",
              "margin": 0,
              "padding": 0,
              "textAlign": "center",
              "width": "1.5em",
            }
          }
        >
          .
        </li>
        <li
          onMouseOver={[Function]}
          style={
            {
              "backgroundColor": "",
              "color": "",
              "display": "inline-block",
              "margin": 0,
              "padding": 0,
              "textAlign": "center",
              "width": "1.5em",
            }
          }
        >
          .
        </li>
        <li
          onMouseOver={[Function]}
          style={
            {
              "backgroundColor": "",
              "color": "",
              "display": "inline-block",
              "margin": 0,
              "padding": 0,
              "textAlign": "center",
              "width": "1.5em",
            }
          }
        >
          .
        </li>
        <li
          onMouseOver={[Function]}
          style={
            {
              "backgroundColor": "",
              "color": "",
              "display": "inline-block",
              "margin": 0,
              "padding": 0,
              "textAlign": "center",
              "width": "1.5em",
            }
          }
        >
          .
        </li>
        <li
          onMouseOver={[Function]}
          style={
            {
              "backgroundColor": "",
              "color": "",
              "display": "inline-block",
              "margin": 0,
              "padding": 0,
              "textAlign": "center",
              "width": "1.5em",
            }
          }
        >
          .
        </li>
        <li
          onMouseOver={[Function]}
          style={
            {
              "backgroundColor": "",
              "color": "",
              "display": "inline-block",
              "margin": 0,
              "padding": 0,
              "textAlign": "center",
              "width": "1.5em",
            }
          }
        >
          .
        </li>
        <li
          onMouseOver={[Function]}
          style={
            {
              "backgroundColor": "",
              "color": "",
              "display": "inline-block",
              "margin": 0,
              "padding": 0,
              "textAlign": "center",
              "width": "1.5em",
            }
          }
        >
          .
        </li>
        <li
          onMouseOver={[Function]}
          style={
            {
              "backgroundColor": "",
              "color": "",
              "display": "inline-block",
              "margin": 0,
              "padding": 0,
              "textAlign": "center",
              "width": "1.5em",
            }
          }
        >
          .
        </li>
        <li
          onMouseOver={[Function]}
          style={
            {
              "backgroundColor": "",
              "color": "",
              "display": "inline-block",
              "margin": 0,
              "padding": 0,
              "textAlign": "center",
              "width": "1.5em",
            }
          }
        >
          .
        </li>
        <li
          onMouseOver={[Function]}
          style={
            {
              "backgroundColor": "",
              "color": "",
              "display": "inline-block",
              "margin": 0,
              "padding": 0,
              "textAlign": "center",
              "width": "1.5em",
            }
          }
        >
          .
        </li>
      </div>
    </div>
  </ul>
</div>
`;
